祢在使徒行傳中作工